#-----------------------------------------------------------
# Webtalk v2019.1 (64-bit)
# SW Build 2552052 on Fri May 24 14:49:42 MDT 2019
# IP Build 2548770 on Fri May 24 18:01:18 MDT 2019
# Start of session at: Wed Nov 23 18:57:15 2022
# Process ID: 17992
# Current directory: D:/Academic stuff/MSIS Github/Assignments/ACA/Verilog programs/Lab assignment/Assignment 2/Question3/Question3.sim/sim_1/behav/xsim
# Command line: wbtcv.exe -mode batch -source D:/Academic stuff/MSIS Github/Assignments/ACA/Verilog programs/Lab assignment/Assignment 2/Question3/Question3.sim/sim_1/behav/xsim/xsim.dir/PRIORITY_ENCODER_TB_behav/webtalk/xsim_webtalk.tcl -notrace
# Log file: D:/Academic stuff/MSIS Github/Assignments/ACA/Verilog programs/Lab assignment/Assignment 2/Question3/Question3.sim/sim_1/behav/xsim/webtalk.log
# Journal file: D:/Academic stuff/MSIS Github/Assignments/ACA/Verilog programs/Lab assignment/Assignment 2/Question3/Question3.sim/sim_1/behav/xsim\webtalk.jou
#-----------------------------------------------------------
source D:/Academic -notrace
