#-----------------------------------------------------------
# Vivado v2019.1 (64-bit)
# SW Build 2552052 on Fri May 24 14:49:42 MDT 2019
# IP Build 2548770 on Fri May 24 18:01:18 MDT 2019
# Start of session at: Thu Dec 15 11:41:57 2022
# Process ID: 10468
# Current directory: D:/Academic stuff/MSIS Github/Assignments/ACA/Verilog programs/Lab assignment/Assignment 3/Question1
# Command line: vivado.exe -gui_launcher_event rodinguilauncherevent17724 D:\Academic stuff\MSIS Github\Assignments\ACA\Verilog programs\Lab assignment\Assignment 3\Question1\Question1.xpr
# Log file: D:/Academic stuff/MSIS Github/Assignments/ACA/Verilog programs/Lab assignment/Assignment 3/Question1/vivado.log
# Journal file: D:/Academic stuff/MSIS Github/Assignments/ACA/Verilog programs/Lab assignment/Assignment 3/Question1\vivado.jou
#-----------------------------------------------------------
start_gui
open_project {D:/Academic stuff/MSIS Github/Assignments/ACA/Verilog programs/Lab assignment/Assignment 3/Question1/Question1.xpr}
update_compile_order -fileset sources_1
