


ARM Macro Assembler    Page 1 


    1 00000000         ;count the number of 1s and 0s in a 32 bit number
    2 00000000         
    3 00000000                 AREA             RESET, DATA, READONLY
    4 00000000                 EXPORT           __Vectors
    5 00000000         
    6 00000000         __Vectors
    7 00000000 100000FF        DCD              0x100000FF  ;stack pointer valu
                                                            e when stack is emp
                                                            ty
    8 00000004 00000000        DCD              Reset_Handler ;Reset vector
    9 00000008         
   10 00000008                 ALIGN
   11 00000008         
   12 00000008                 AREA             mycode, CODE, READONLY
   13 00000000                 EXPORT           Reset_Handler
   14 00000000                 ENTRY
   15 00000000         
   16 00000000         Reset_Handler
   17 00000000 E3A00101        LDR              R0, =0x40000000 ;Load the addre
                                                            ss of value1
   18 00000004 E5901000        LDR              R1, [R0]    ;Store value locate
                                                            d at address pointe
                                                            d by R0
   19 00000008 E3A02020        MOV              R2, #32     ;Counter set to 31F
                                                            
   20 0000000C E1B010A1 
                       JUMP    MOVS             R1, R1, LSR #1 ;Logical right s
                                                            hift by 1 bit and s
                                                            et carry if carry i
                                                            s generated
   21 00000010 22833001        ADDCS            R3, R3, #1  ;R3 holds number of
                                                             ones
   22 00000014 32844001        ADDCC            R4, R4, #1  ;R4 holds the numbe
                                                            r of zeros
   23 00000018 E2422001        SUB              R2, R2, #1  ;Decrementing count
                                                             by 1
   24 0000001C E3520001        CMP              R2, #01     ;Check if counter h
                                                            as reached the msb 
                                                            (32nd bit)
   25 00000020 1AFFFFF9        BNE              JUMP
   26 00000024 E3A00111        LDR              R0, =0x40000004 ;Load the addre
                                                            ss where number of 
                                                            1s are to be stored
                                                            
   27 00000028 E5803000        STR              R3, [R0]    ;Store the count of
                                                             1s in the address 
                                                            stored in R0
   28 0000002C E5804004        STR              R4, [R0, #4] ;Store the count o
                                                            f 1s in the address
                                                             stored in R0, afte
                                                            r incrementing loca
                                                            tion by 4 bytes (32
                                                             bits)
   29 00000030         
   30 00000030 EAFFFFFE 
                       STOP    B                STOP
   31 00000034                 END
Command Line: --debug --xref --diag_suppress=9931 --apcs=interwork --depend=.\o
bjects\count_ones_zeros.d -o.\objects\count_ones_zeros.o -IC:\Keil_v5\ARM\RV31\



ARM Macro Assembler    Page 2 


INC -IC:\Keil_v5\ARM\CMSIS\Include -IC:\Keil_v5\ARM\INC\Philips --predefine="__
EVAL SETA 1" --predefine="__UVISION_VERSION SETA 529" --list=.\listings\count_o
nes_zeros.lst count_ones_zeros.s



ARM Macro Assembler    Page 1 Alphabetic symbol ordering
Relocatable symbols

RESET 00000000

Symbol: RESET
   Definitions
      At line 3 in file count_ones_zeros.s
   Uses
      None
Comment: RESET unused
__Vectors 00000000

Symbol: __Vectors
   Definitions
      At line 6 in file count_ones_zeros.s
   Uses
      At line 4 in file count_ones_zeros.s
Comment: __Vectors used once
2 symbols



ARM Macro Assembler    Page 1 Alphabetic symbol ordering
Relocatable symbols

JUMP 0000000C

Symbol: JUMP
   Definitions
      At line 20 in file count_ones_zeros.s
   Uses
      At line 25 in file count_ones_zeros.s
Comment: JUMP used once
Reset_Handler 00000000

Symbol: Reset_Handler
   Definitions
      At line 16 in file count_ones_zeros.s
   Uses
      At line 8 in file count_ones_zeros.s
      At line 13 in file count_ones_zeros.s

STOP 00000030

Symbol: STOP
   Definitions
      At line 30 in file count_ones_zeros.s
   Uses
      At line 30 in file count_ones_zeros.s
Comment: STOP used once
mycode 00000000

Symbol: mycode
   Definitions
      At line 12 in file count_ones_zeros.s
   Uses
      None
Comment: mycode unused
4 symbols
338 symbols in table
