


ARM Macro Assembler    Page 1 


    1 00000000         ;program to find the factorial of a number
    2 00000000         
    3 00000000                 AREA             RESET, DATA, READONLY
    4 00000000                 EXPORT           __Vectors
    5 00000000         
    6 00000000         __Vectors
    7 00000000 100000FF        DCD              0x100000FF  ;Stack pointer valu
                                                            e when stack is emp
                                                            ty
    8 00000004 00000000        DCD              Reset_Handler ;Reset vector
    9 00000008         
   10 00000008                 ALIGN
   11 00000008         
   12 00000008                 AREA             mycode, CODE, READONLY
   13 00000000                 EXPORT           Reset_Handler
   14 00000000                 ENTRY
   15 00000000         
   16 00000000         Reset_Handler
   17 00000000 E3A05101        LDR              R5,=0x40000000 ;Result will be 
                                                            stored in this dest
                                                            ination address
   18 00000004 E3A00007        MOV              R0, #07     ;Loading the number
                                                             who's factorial is
                                                             to be calculated
   19 00000008 E1A01000        MOV              R1, R0      ;Copy the content o
                                                            f R0 to R1
   20 0000000C         
   21 0000000C E2511001 
                       FACT    SUBS             R1, R1, #1  ;R1 = R1 - 1
   22 00000010 E3510001        CMP              R1, #1      ;Comparing R1 with 
                                                            1
   23 00000014 0A000002        BEQ              DONE        ;Branch to STOP if 
                                                            equal
   24 00000018 E0030190        MUL              R3, R0, R1  ;Store the product 
                                                            of R0 and R1 in R3
   25 0000001C E1A00003        MOV              R0, R3      ;Copy the result fr
                                                            om R3 to R0
   26 00000020 1AFFFFF9        BNE              FACT        ;Branch to FACT if 
                                                            not equal
   27 00000024         
   28 00000024 E5853000 
                       DONE    STR              R3, [R5]
   29 00000028 EAFFFFFE 
                       STOP    B                STOP
   30 0000002C                 END
Command Line: --debug --xref --diag_suppress=9931 --apcs=interwork --depend=.\o
bjects\factorial.d -o.\objects\factorial.o -IC:\Keil_v5\ARM\RV31\INC -IC:\Keil_
v5\ARM\CMSIS\Include -IC:\Keil_v5\ARM\INC\Philips --predefine="__EVAL SETA 1" -
-predefine="__UVISION_VERSION SETA 529" --list=.\listings\factorial.lst factori
al.s



ARM Macro Assembler    Page 1 Alphabetic symbol ordering
Relocatable symbols

RESET 00000000

Symbol: RESET
   Definitions
      At line 3 in file factorial.s
   Uses
      None
Comment: RESET unused
__Vectors 00000000

Symbol: __Vectors
   Definitions
      At line 6 in file factorial.s
   Uses
      At line 4 in file factorial.s
Comment: __Vectors used once
2 symbols



ARM Macro Assembler    Page 1 Alphabetic symbol ordering
Relocatable symbols

DONE 00000024

Symbol: DONE
   Definitions
      At line 28 in file factorial.s
   Uses
      At line 23 in file factorial.s
Comment: DONE used once
FACT 0000000C

Symbol: FACT
   Definitions
      At line 21 in file factorial.s
   Uses
      At line 26 in file factorial.s
Comment: FACT used once
Reset_Handler 00000000

Symbol: Reset_Handler
   Definitions
      At line 16 in file factorial.s
   Uses
      At line 8 in file factorial.s
      At line 13 in file factorial.s

STOP 00000028

Symbol: STOP
   Definitions
      At line 29 in file factorial.s
   Uses
      At line 29 in file factorial.s
Comment: STOP used once
mycode 00000000

Symbol: mycode
   Definitions
      At line 12 in file factorial.s
   Uses
      None
Comment: mycode unused
5 symbols
339 symbols in table
