#-----------------------------------------------------------
# Vivado v2019.1 (64-bit)
# SW Build 2552052 on Fri May 24 14:49:42 MDT 2019
# IP Build 2548770 on Fri May 24 18:01:18 MDT 2019
# Start of session at: Thu Dec 15 16:38:11 2022
# Process ID: 13604
# Current directory: D:/Academic stuff/MSIS Github/Assignments/ACA/Verilog programs/Sessional 2 Lab/question1
# Command line: vivado.exe -gui_launcher_event rodinguilauncherevent14700 D:\Academic stuff\MSIS Github\Assignments\ACA\Verilog programs\Sessional 2 Lab\question1\question1.xpr
# Log file: D:/Academic stuff/MSIS Github/Assignments/ACA/Verilog programs/Sessional 2 Lab/question1/vivado.log
# Journal file: D:/Academic stuff/MSIS Github/Assignments/ACA/Verilog programs/Sessional 2 Lab/question1\vivado.jou
#-----------------------------------------------------------
start_gui
open_project {D:/Academic stuff/MSIS Github/Assignments/ACA/Verilog programs/Sessional 2 Lab/question1/question1.xpr}
update_compile_order -fileset sources_1
launch_simulation
source jk_ff_tb.tcl
close_sim
